00
00
00
00
F0
03
02
01
00
00
00
00
FE
00
60
40
00
00
00
00
00
00
00
00
00
00
00
00
00
00
00
00
00
00
00
00
00
00
00
00
00
00
00
00
00
00
00
00
00
00
00
00
00
00
00
00
00
00
00
00
00
00
00
00
00
00
00
00
00
00
00
00
00
00
00
00
00
00
00
00
00
00
00
00
00
00
00
00
00
00
00
00
00
00
00
00
00
00
00
00
8C  //  $1 =  $at = MEM[0x4] = F0 03 02 01 = 1111 0000 0000 0011 0000 0010 0000 0001
01
00
04
00  //  $2 = $v1 = $v0 >>> 3 = 1111 1110 0000 0000 0110 0000 0100 0000 = FE 00 60 40
01
10
C3
AC  //  MEM[0xC] = $2
02
00
0C
00
00
00
00
00
00
00
00
00
00
00
00
00
00
00
00
00
00
00
00
00
00
00
00
00
00
00
00
00
00
00
00
00
00
00
00
00
00
00
00
00
00
00
00
00
00
00
00
00
00
00
00
00
00
00
00
00
00
00
00
00
00
00
00
00
00
00
00
00
00
00
00
00
00
00
00
00
00
00
00
00
00
00
00
00
00
00
00