00
00
00
00
FF      //For jump and add
43
18
37
00      //For add
12
2A
F8
FF
55
43
2F
00
00
00
00
00
00
00
00
BF
C0
00
24
00
00
00
00
00
00
00
00
00
00
00
00
00
00
00
00
00
00
00
00
00
00
00
00
00
00
00
00
00
00
00
00
00
00
00
00
00
00
00
00
00
00
00
00
00
00
00
00
00
00
00
00
00
00
00
00
00
00
00
00
00
00
00
00
00
00
00
00
00
00
00
00
8C  //  $1 =  $at = MEM[0x4] = FF 43 18 37
01
00
04
8C  //  $2 =  $v0 = MEM[0x4] = FF 43 18 37
02
00
04
8C  //  $3 =  $v1 = MEM[0x8] = 00 12 2A F8
03
00
08
8C  //  $8 =  $t0 = MEM[0x18] = BFC00024
08
00
18
01 //  JALR $t7=15 $8 -> PC = 132 (BFC00024)
00
78
09
00  //  $v1 = $4 = $3+$2 = $v1 + $v0 = FF 55 43 2F
43
20
21
00
00
00
00
00
00
00
00
00
00
00
00
00
00
00
00
AC  //  MEM[0xC] = $3
04
00
0C
00
00
00
00
00
00
00
00
00
00
00
00
00
00
00
00
00
00
00
00
00
00
00
00
00
00
00
00
00
00
00
00
00
00
00
00
00
00
00
00
00
00
00
00
00
00
00
00
00
00
00
00
00
00
00
00
