00
00
00
00
FF      //For jump and add
43
18
37
00      //For add
12
2A
F8
FF
55
43
2F
00
00
00
00
00
00
00
00
BF
C0
00
24
00
00
00
00
00
00
00
00
00
00
00
00
00
00
00
00
00
00
00
00
00
00
00
00
00
00
00
00
00
00
00
00
00
00
00
00
00
00
00
00
00
00
00
00
00
00
00
00
00
00
00
00
00
00
00
00
00
00
00
00
00
00
00
00
00
00
00
00
00
00
00
00
8C
01
00
04
8C
02
00
04
8C
03
00
08
8C
08
00
18
01
00
00
08
00
43
10
21
00
00
00
00
00
00
00
00
00
00
00
00
00
00
00
00
AC
02
00
0C
00
00
00
08
00
00
00
00
00
00
00
00
00
00
00
00
00
00
00
00
00
00
00
00
00
00
00
00
00
00
00
00
00
00
00
00
00
00
00
00
00
00
00
00
00
00
00
00
00
00
00
00
00
00
00
00