00
00
00
00
0F
FF
FF
FF
00
FF
FF
FF
00  //  SOLN
0F
FF
FF
00
00
00
00
00
00
00
00
00
00
00
00
00
00
00
00
00
00
00
00
00
00
00
00
00
00
00
00
00
00
00
00
00
00
00
00
00
00
00
00
00
00
00
00
00
00
00
00
00
00
00
00
00
00
00
00
00
00
00
00
00
00
00
00
00
00
00
00
00
00
00
00
00
00
00
00
00
00
00
00
00
00
00
00
8C  //  LW $at 0x0004 $zero = 0F FF FF FF
01
00
04
8C  //  LW $v0 0x0008 = 00 FF FF FF
02
00
08
00  //  MULT $at $v0 = EF000001
22
00
18
00  //  MFHI $v0 = EF00
00
10
10
AC  //  SW $v0 0x0008 EF00
02
00
0C
00  //  JR $zero
00
00
08
00
00
00
00
00
00
00
00
00
00
00
00
00
00
00
00
00
00
00
00
00
00
00
00
00
00
00
00
00
00
00
00
00
00
00
00
00
00
00
00
00
00
00
00
00
00
00
00
00
00
00
00
00
00
00
00
00
00
00
00
00
00
00
00
00
00
00
00
00
00
00
00
00
00
00
00
