00
00
00
00
00
00
F1
3A
00
00
00
00
00
00
00
00
00
00
00
01
00
00
00
00
00
00
00
00
00
00
00
00
00
00
00
00
00
00
00
00
00
00
00
00
00
00
00
00
00
00
00
00
00
00
00
00
00
00
00
00
00
00
00
00
00
00
00
00
00
00
00
00
00
00
00
00
00
00
00
00
00
00
00
00
00
00
00
00
00
00
00
00
00
00
00
00
00
00
00
00
8C  //  $1 =  $at = MEM[0x4] = 00 00 F1 3A = 61754
01
00
04
2C  //  $2 = $at < 0XF000 = 61754 < 61440 = 0
22
F0
00
2C  //  $3 = $at < 0XFFEE = 61754 < 65518 = 1
23
FF
EE
AC  //  MEM[0xC] = $2
02
00
0C
00
00
00
08
AC  //  MEM[0x10] = $2
03
00
10
00
00
00
00
00
00
00
00
00
00
00
00
00
00
00
00
00
00
00
00
00
00
00
00
00
00
00
00
00
00
00
00
00
00
00
00
00
00
00
00
00
00
00
00
00
00
00
00
00
00
00
00
00
00
00
00
00
00
00
00
00
00
00
00
00
00
00
00
00
00
00
00
00
00
00
00
