00
00
00
00
FF
FF
FE
00
00
00
00
00
00
00
00
00
00
00
00
01
00
00
00
00
00
00
00
00
00
00
00
00
00
00
00
00
00
00
00
00
00
00
00
00
00
00
00
00
00
00
00
00
00
00
00
00
00
00
00
00
00
00
00
00
00
00
00
00
00
00
00
00
00
00
00
00
00
00
00
00
00
00
00
00
00
00
00
00
00
00
00
00
00
00
00
00
00
00
00
00
8C  //  $1 =  $at = MEM[0x4] = FF FF FE 00 = -512
01
00
04
28  //  $2 = $at < 0XF000 = -512 < -4096 = 0
22
F0
00
28  //  $3 = $at < 0X6045 = -512 < 24645 = 1
23
60
45
AC  //  MEM[0xC] = $2
02
00
0C
AC  //  MEM[0x10] = $2
03
00
10
00
00
00
00
00
00
00
00
00
00
00
00
00
00
00
00
00
00
00
00
00
00
00
00
00
00
00
00
00
00
00
00
00
00
00
00
00
00
00
00
00
00
00
00
00
00
00
00
00
00
00
00
00
00
00
00
00
00
00
00
00
00
00
00
00
00
00
00
00
00
00
00
00
00
00
00
00
00
00
00
00
00
00